// Jest Snapshot v1, https://goo.gl/fbAQLP

exports[`Main should render BarChart with success 1`] = `ShallowWrapper {}`;

exports[`Main should render LineChart with success 1`] = `ShallowWrapper {}`;
