// Jest Snapshot v1, https://goo.gl/fbAQLP

exports[`Text should render with success 1`] = `ShallowWrapper {}`;
