// Jest Snapshot v1, https://goo.gl/fbAQLP

exports[`Home should render with success 1`] = `ReactWrapper {}`;
